1370886144 | 454924    100 python3 297436     99 rviz2 176540     93 joint_state_pub 132948    102 snp_motion_plan 
1370632192 | 454924    100 python3 297436     99 rviz2 176540     93 joint_state_pub 132948    102 snp_motion_plan 
1371451392 | 454924    100 python3 297436     99 rviz2 176540     93 joint_state_pub 132948    102 snp_motion_plan 
1370927104 | 454924    100 python3 297436     99 rviz2 176540     93 joint_state_pub 132948    102 snp_motion_plan 
1370796032 | 454924    100 python3 297436     99 rviz2 176540     93 joint_state_pub 132948    102 snp_motion_plan 
1375629312 | 454924    100 python3 297436     99 rviz2 176540     93 joint_state_pub 132948    102 snp_motion_plan 
1377886208 | 454924    100 python3 297436     99 rviz2 176540     93 joint_state_pub 132948    102 snp_motion_plan 
1373814784 | 454924    100 python3 297436     99 rviz2 176540     93 joint_state_pub 132948    102 snp_motion_plan 
1374466048 | 454924    100 python3 297436     99 rviz2 176540     93 joint_state_pub 132948    102 snp_motion_plan 
1377574912 | 454924    100 python3 297436     99 rviz2 176540     93 joint_state_pub 132948    102 snp_motion_plan 
1386831872 | 454924    100 python3 297436     99 rviz2 176540     93 joint_state_pub 132948    102 snp_motion_plan 
1399910400 | 455108    100 python3 297612     99 rviz2 176716     93 joint_state_pub 133132    102 snp_motion_plan 
1407639552 | 455184    100 python3 297612     99 rviz2 176780     93 joint_state_pub 133132    102 snp_motion_plan 
1407643648 | 455184    100 python3 297680     99 rviz2 176784     93 joint_state_pub 133132    102 snp_motion_plan 
1407311872 | 455184    100 python3 297680     99 rviz2 176784     93 joint_state_pub 133132    102 snp_motion_plan 
1407840256 | 455188    100 python3 297684     99 rviz2 176784     93 joint_state_pub 133136    102 snp_motion_plan 
1408139264 | 455188    100 python3 297684     99 rviz2 176784     93 joint_state_pub 133136    102 snp_motion_plan 
1409261568 | 455188    100 python3 297684     99 rviz2 176784     93 joint_state_pub 134932    102 snp_motion_plan 
1424351232 | 455228    100 python3 297716     99 rviz2 176824     93 joint_state_pub 146376    102 snp_motion_plan 
1595142144 | 455236    100 python3 317264    102 snp_motion_plan 297724     99 rviz2 176828     93 joint_state_pub 
1830092800 | 545096    102 snp_motion_plan 455236    100 python3 297724     99 rviz2 176828     93 joint_state_pub 
2048274432 | 758216    102 snp_motion_plan 455236    100 python3 297724     99 rviz2 176828     93 joint_state_pub 
2265092096 | 971064    102 snp_motion_plan 455236    100 python3 297724     99 rviz2 176828     93 joint_state_pub 
2477817856 | 1176012   102 snp_motion_plan 455240    100 python3 297732     99 rviz2 176832     93 joint_state_pub 
2703466496 | 1396584   102 snp_motion_plan 455240    100 python3 297732     99 rviz2 176832     93 joint_state_pub 
2927124480 | 1616792   102 snp_motion_plan 455240    100 python3 297732     99 rviz2 176832     93 joint_state_pub 
3129434112 | 1810460   102 snp_motion_plan 455240    100 python3 297732     99 rviz2 176832     93 joint_state_pub 
3221225472 | 1977200   102 snp_motion_plan 455240    100 python3 296452     99 rviz2 176780     93 joint_state_pub 
3221069824 | 2083360   102 snp_motion_plan 435976    100 python3 258284     99 rviz2 164388     93 joint_state_pub 
3220971520 | 2216456   102 snp_motion_plan 382948    100 python3 217288     99 rviz2 132340     93 joint_state_pub 
3221147648 | 2359588   102 snp_motion_plan 312308    100 python3 211368     99 rviz2 131916     93 joint_state_pub 
1406357504 | 312308    100 python3 211188     99 rviz2 131916     93 joint_state_pub 80212      58 ros2 
824303616 | 312308    100 python3 211188     99 rviz2 131916     93 joint_state_pub 80212      58 ros2 
824369152 | 312308    100 python3 211188     99 rviz2 131916     93 joint_state_pub 80212      58 ros2 
824762368 | 312308    100 python3 211188     99 rviz2 131916     93 joint_state_pub 80212      58 ros2 
824606720 | 312308    100 python3 211192     99 rviz2 131916     93 joint_state_pub 80212      58 ros2 
824348672 | 312308    100 python3 211192     99 rviz2 131916     93 joint_state_pub 80212      58 ros2 
824070144 | 312308    100 python3 211192     99 rviz2 131812     93 joint_state_pub 80212      58 ros2 
824270848 | 312308    100 python3 211088     99 rviz2 131812     93 joint_state_pub 80212      58 ros2 
824111104 | 312308    100 python3 211088     99 rviz2 131812     93 joint_state_pub 80212      58 ros2 
824590336 | 312204    100 python3 211088     99 rviz2 131812     93 joint_state_pub 80212      58 ros2 
824356864 | 312204    100 python3 211108     99 rviz2 131812     93 joint_state_pub 80212      58 ros2 
824397824 | 312204    100 python3 211108     99 rviz2 131812     93 joint_state_pub 80212      58 ros2 
824692736 | 312204    100 python3 211156     99 rviz2 131812     93 joint_state_pub 80212      58 ros2 
824233984 | 312204    100 python3 211156     99 rviz2 131812     93 joint_state_pub 80212      58 ros2 
824504320 | 312204    100 python3 211156     99 rviz2 131812     93 joint_state_pub 80212      58 ros2 
824111104 | 312204    100 python3 211092     99 rviz2 131812     93 joint_state_pub 80212      58 ros2 
825143296 | 312204    100 python3 211092     99 rviz2 131812     93 joint_state_pub 80148      58 ros2 
824553472 | 312204    100 python3 211092     99 rviz2 131812     93 joint_state_pub 80148      58 ros2 
824254464 | 312144    100 python3 211092     99 rviz2 131752     93 joint_state_pub 80044      58 ros2 
824422400 | 312144    100 python3 211092     99 rviz2 131752     93 joint_state_pub 80044      58 ros2 
824557568 | 312144    100 python3 211092     99 rviz2 131752     93 joint_state_pub 80044      58 ros2 
824528896 | 312144    100 python3 211092     99 rviz2 131752     93 joint_state_pub 80044      58 ros2 
824483840 | 312144    100 python3 211092     99 rviz2 131752     93 joint_state_pub 80044      58 ros2 
824221696 | 312144    100 python3 211092     99 rviz2 131752     93 joint_state_pub 80044      58 ros2 
824283136 | 312144    100 python3 211092     99 rviz2 131752     93 joint_state_pub 80044      58 ros2 
824188928 | 312144    100 python3 211092     99 rviz2 131752     93 joint_state_pub 80044      58 ros2 
824147968 | 312144    100 python3 211092     99 rviz2 131752     93 joint_state_pub 80044      58 ros2 
824221696 | 312144    100 python3 211092     99 rviz2 131752     93 joint_state_pub 80044      58 ros2 
823971840 | 312144    100 python3 211092     99 rviz2 131752     93 joint_state_pub 80044      58 ros2 
824229888 | 312144    100 python3 211092     99 rviz2 131752     93 joint_state_pub 80044      58 ros2 
823697408 | 312144    100 python3 211092     99 rviz2 131752     93 joint_state_pub 80044      58 ros2 
824221696 | 312144    100 python3 211092     99 rviz2 131752     93 joint_state_pub 80044      58 ros2 
823541760 | 312144    100 python3 211092     99 rviz2 131752     93 joint_state_pub 80044      58 ros2 
824475648 | 312144    100 python3 211092     99 rviz2 131752     93 joint_state_pub 80044      58 ros2 
824217600 | 312144    100 python3 211092     99 rviz2 131752     93 joint_state_pub 80044      58 ros2 
823963648 | 312144    100 python3 211092     99 rviz2 131752     93 joint_state_pub 80044      58 ros2 
823963648 | 312144    100 python3 211092     99 rviz2 131752     93 joint_state_pub 80044      58 ros2 
824045568 | 312144    100 python3 211092     99 rviz2 131752     93 joint_state_pub 80044      58 ros2 
824479744 | 312144    100 python3 211092     99 rviz2 131752     93 joint_state_pub 80044      58 ros2 
823963648 | 312144    100 python3 211092     99 rviz2 131752     93 joint_state_pub 80044      58 ros2 
823980032 | 312144    100 python3 211092     99 rviz2 131752     93 joint_state_pub 80044      58 ros2 
824483840 | 312144    100 python3 211144     99 rviz2 131752     93 joint_state_pub 80044      58 ros2 
824107008 | 312144    100 python3 211092     99 rviz2 131752     93 joint_state_pub 80044      58 ros2 
823840768 | 312144    100 python3 211092     99 rviz2 131752     93 joint_state_pub 80044      58 ros2 
824070144 | 312144    100 python3 211092     99 rviz2 131752     93 joint_state_pub 80044      58 ros2 
823959552 | 312144    100 python3 211092     99 rviz2 131752     93 joint_state_pub 80044      58 ros2 
824111104 | 312144    100 python3 211092     99 rviz2 131752     93 joint_state_pub 80044      58 ros2 
823959552 | 312144    100 python3 211092     99 rviz2 131752     93 joint_state_pub 80044      58 ros2 
824451072 | 312144    100 python3 211092     99 rviz2 131752     93 joint_state_pub 80044      58 ros2 
823832576 | 312144    100 python3 211092     99 rviz2 131752     93 joint_state_pub 80044      58 ros2 
823959552 | 312144    100 python3 211092     99 rviz2 131752     93 joint_state_pub 80044      58 ros2 
824242176 | 312144    100 python3 211092     99 rviz2 131752     93 joint_state_pub 80044      58 ros2 
824025088 | 312144    100 python3 211092     99 rviz2 131752     93 joint_state_pub 80044      58 ros2 
823967744 | 312144    100 python3 211092     99 rviz2 131752     93 joint_state_pub 80044      58 ros2 
823984128 | 312144    100 python3 211092     99 rviz2 131752     93 joint_state_pub 80044      58 ros2 
824238080 | 312144    100 python3 211092     99 rviz2 131752     93 joint_state_pub 80044      58 ros2 
823939072 | 312144    100 python3 211092     99 rviz2 131752     93 joint_state_pub 80044      58 ros2 
823963648 | 312144    100 python3 211092     99 rviz2 131752     93 joint_state_pub 80044      58 ros2 
823963648 | 312144    100 python3 211092     99 rviz2 131752     93 joint_state_pub 80044      58 ros2 
824008704 | 312144    100 python3 211092     99 rviz2 131752     93 joint_state_pub 80044      58 ros2 
823963648 | 312144    100 python3 211092     99 rviz2 131752     93 joint_state_pub 80044      58 ros2 
824483840 | 312144    100 python3 211092     99 rviz2 131752     93 joint_state_pub 80044      58 ros2 
824283136 | 312144    100 python3 211092     99 rviz2 131752     93 joint_state_pub 80044      58 ros2 
823701504 | 312144    100 python3 211092     99 rviz2 131752     93 joint_state_pub 80044      58 ros2 
823910400 | 312144    100 python3 211092     99 rviz2 131752     93 joint_state_pub 80044      58 ros2 
823726080 | 312144    100 python3 211092     99 rviz2 131752     93 joint_state_pub 80044      58 ros2 
824246272 | 312144    100 python3 211092     99 rviz2 131752     93 joint_state_pub 80044      58 ros2 
823939072 | 312144    100 python3 211092     99 rviz2 131752     93 joint_state_pub 80044      58 ros2 
823988224 | 312144    100 python3 211092     99 rviz2 131752     93 joint_state_pub 80044      58 ros2 
823963648 | 312144    100 python3 211092     99 rviz2 131752     93 joint_state_pub 80044      58 ros2 
823783424 | 312144    100 python3 211092     99 rviz2 131752     93 joint_state_pub 80044      58 ros2 
824217600 | 312144    100 python3 211092     99 rviz2 131752     93 joint_state_pub 80044      58 ros2 
824164352 | 312144    100 python3 211092     99 rviz2 131752     93 joint_state_pub 80044      58 ros2 
824082432 | 312144    100 python3 211092     99 rviz2 131752     93 joint_state_pub 80044      58 ros2 
823730176 | 312144    100 python3 211092     99 rviz2 131752     93 joint_state_pub 80044      58 ros2 
823832576 | 312144    100 python3 211092     99 rviz2 131752     93 joint_state_pub 80044      58 ros2 
823574528 | 312144    100 python3 211092     99 rviz2 131752     93 joint_state_pub 80044      58 ros2 
824197120 | 312144    100 python3 211092     99 rviz2 131752     93 joint_state_pub 80044      58 ros2 
824221696 | 312144    100 python3 211092     99 rviz2 131752     93 joint_state_pub 80044      58 ros2 
823787520 | 312144    100 python3 211092     99 rviz2 131752     93 joint_state_pub 80044      58 ros2 
824102912 | 312144    100 python3 211092     99 rviz2 131752     93 joint_state_pub 80044      58 ros2 
823672832 | 312144    100 python3 211092     99 rviz2 131752     93 joint_state_pub 80044      58 ros2 
823721984 | 312144    100 python3 211092     99 rviz2 131752     93 joint_state_pub 80044      58 ros2 
824258560 | 312144    100 python3 211092     99 rviz2 131752     93 joint_state_pub 80044      58 ros2 
823910400 | 312144    100 python3 211092     99 rviz2 131752     93 joint_state_pub 80044      58 ros2 
823791616 | 312144    100 python3 211092     99 rviz2 131752     93 joint_state_pub 80044      58 ros2 
824229888 | 312144    100 python3 211092     99 rviz2 131752     93 joint_state_pub 80044      58 ros2 
823984128 | 312144    100 python3 211092     99 rviz2 131752     93 joint_state_pub 80044      58 ros2 
824131584 | 312144    100 python3 211092     99 rviz2 131752     93 joint_state_pub 80044      58 ros2 
824131584 | 312144    100 python3 211092     99 rviz2 131752     93 joint_state_pub 80044      58 ros2 
823791616 | 312144    100 python3 211092     99 rviz2 131752     93 joint_state_pub 80044      58 ros2 
824266752 | 312144    100 python3 211092     99 rviz2 131752     93 joint_state_pub 80044      58 ros2 
824262656 | 312144    100 python3 211092     99 rviz2 131752     93 joint_state_pub 80044      58 ros2 
824016896 | 312144    100 python3 211092     99 rviz2 131752     93 joint_state_pub 80044      58 ros2 
823738368 | 312144    100 python3 211092     99 rviz2 131752     93 joint_state_pub 80044      58 ros2 
823975936 | 312144    100 python3 211092     99 rviz2 131752     93 joint_state_pub 80044      58 ros2 
824045568 | 312144    100 python3 211092     99 rviz2 131752     93 joint_state_pub 80044      58 ros2 
823734272 | 312144    100 python3 211092     99 rviz2 131752     93 joint_state_pub 80044      58 ros2 
824037376 | 312144    100 python3 211092     99 rviz2 131752     93 joint_state_pub 80044      58 ros2 
823750656 | 312144    100 python3 211092     99 rviz2 131752     93 joint_state_pub 80044      58 ros2 
824180736 | 312144    100 python3 211092     99 rviz2 131752     93 joint_state_pub 80044      58 ros2 
823742464 | 312144    100 python3 211092     99 rviz2 131752     93 joint_state_pub 80044      58 ros2 
823971840 | 312144    100 python3 211092     99 rviz2 131752     93 joint_state_pub 80044      58 ros2 
823947264 | 312144    100 python3 211092     99 rviz2 131752     93 joint_state_pub 80044      58 ros2 
824131584 | 312144    100 python3 211092     99 rviz2 131752     93 joint_state_pub 80044      58 ros2 
824188928 | 312144    100 python3 211092     99 rviz2 131752     93 joint_state_pub 80044      58 ros2 
823926784 | 312144    100 python3 211092     99 rviz2 131752     93 joint_state_pub 80044      58 ros2 
824176640 | 312144    100 python3 211092     99 rviz2 131752     93 joint_state_pub 80044      58 ros2 
823914496 | 312144    100 python3 211092     99 rviz2 131752     93 joint_state_pub 80044      58 ros2 
824176640 | 312144    100 python3 211092     99 rviz2 131752     93 joint_state_pub 80044      58 ros2 
823955456 | 312144    100 python3 211092     99 rviz2 131752     93 joint_state_pub 80044      58 ros2 
823652352 | 312144    100 python3 211092     99 rviz2 131752     93 joint_state_pub 80044      58 ros2 
824033280 | 312144    100 python3 211092     99 rviz2 131752     93 joint_state_pub 80044      58 ros2 
824176640 | 312144    100 python3 211092     99 rviz2 131752     93 joint_state_pub 80044      58 ros2 
823930880 | 312144    100 python3 211092     99 rviz2 131752     93 joint_state_pub 80044      58 ros2 
823914496 | 312144    100 python3 211092     99 rviz2 131752     93 joint_state_pub 80044      58 ros2 
823943168 | 312144    100 python3 211092     99 rviz2 131752     93 joint_state_pub 80044      58 ros2 
823791616 | 312144    100 python3 211092     99 rviz2 131752     93 joint_state_pub 80044      58 ros2 
824033280 | 312144    100 python3 211092     99 rviz2 131752     93 joint_state_pub 80044      58 ros2 
823967744 | 312144    100 python3 211092     99 rviz2 131752     93 joint_state_pub 80044      58 ros2 
823689216 | 312144    100 python3 211092     99 rviz2 131752     93 joint_state_pub 80044      58 ros2 
823652352 | 312144    100 python3 211092     99 rviz2 131752     93 joint_state_pub 80044      58 ros2 
823664640 | 312144    100 python3 211092     99 rviz2 131752     93 joint_state_pub 80044      58 ros2 
824012800 | 312144    100 python3 211092     99 rviz2 131752     93 joint_state_pub 80044      58 ros2 
823873536 | 312144    100 python3 211092     99 rviz2 131752     93 joint_state_pub 80044      58 ros2 
823529472 | 312144    100 python3 211092     99 rviz2 131752     93 joint_state_pub 80044      58 ros2 
824094720 | 312144    100 python3 211092     99 rviz2 131752     93 joint_state_pub 80044      58 ros2 
824180736 | 312144    100 python3 211092     99 rviz2 131752     93 joint_state_pub 80044      58 ros2 
824451072 | 312144    100 python3 211092     99 rviz2 131752     93 joint_state_pub 80044      58 ros2 
823926784 | 312144    100 python3 211092     99 rviz2 131752     93 joint_state_pub 80044      58 ros2 
824172544 | 312144    100 python3 211092     99 rviz2 131752     93 joint_state_pub 80044      58 ros2 
823922688 | 312144    100 python3 211092     99 rviz2 131752     93 joint_state_pub 80044      58 ros2 
824451072 | 312144    100 python3 211092     99 rviz2 131752     93 joint_state_pub 80044      58 ros2 
823758848 | 312144    100 python3 211092     99 rviz2 131752     93 joint_state_pub 80044      58 ros2 
823971840 | 312144    100 python3 211092     99 rviz2 131752     93 joint_state_pub 80044      58 ros2 
823828480 | 312144    100 python3 211092     99 rviz2 131752     93 joint_state_pub 80044      58 ros2 
823951360 | 312144    100 python3 211092     99 rviz2 131752     93 joint_state_pub 80044      58 ros2 
823726080 | 312144    100 python3 211092     99 rviz2 131752     93 joint_state_pub 80044      58 ros2 
823721984 | 312144    100 python3 211092     99 rviz2 131752     93 joint_state_pub 80044      58 ros2 
823947264 | 312144    100 python3 211092     99 rviz2 131752     93 joint_state_pub 80044      58 ros2 
824012800 | 312144    100 python3 211092     99 rviz2 131752     93 joint_state_pub 80044      58 ros2 
824446976 | 312144    100 python3 211092     99 rviz2 131752     93 joint_state_pub 80044      58 ros2 
823672832 | 312144    100 python3 211092     99 rviz2 131752     93 joint_state_pub 80044      58 ros2 
824066048 | 312144    100 python3 211092     99 rviz2 131752     93 joint_state_pub 80044      58 ros2 
823799808 | 312144    100 python3 211092     99 rviz2 131752     93 joint_state_pub 80044      58 ros2 
824455168 | 312144    100 python3 211092     99 rviz2 131752     93 joint_state_pub 80044      58 ros2 
823939072 | 312144    100 python3 211092     99 rviz2 131752     93 joint_state_pub 80044      58 ros2 
823861248 | 312144    100 python3 211092     99 rviz2 131752     93 joint_state_pub 80044      58 ros2 
823934976 | 312144    100 python3 211092     99 rviz2 131752     93 joint_state_pub 80044      58 ros2 
823980032 | 312144    100 python3 211092     99 rviz2 131752     93 joint_state_pub 80044      58 ros2 
823963648 | 312144    100 python3 211092     99 rviz2 131752     93 joint_state_pub 80044      58 ros2 
823967744 | 312144    100 python3 211092     99 rviz2 131752     93 joint_state_pub 80044      58 ros2 
823844864 | 312144    100 python3 211092     99 rviz2 131752     93 joint_state_pub 80044      58 ros2 
824225792 | 312144    100 python3 211092     99 rviz2 131752     93 joint_state_pub 80044      58 ros2 
823963648 | 312144    100 python3 211092     99 rviz2 131752     93 joint_state_pub 80044      58 ros2 
823967744 | 312144    100 python3 211092     99 rviz2 131752     93 joint_state_pub 80044      58 ros2 
823975936 | 312144    100 python3 211092     99 rviz2 131752     93 joint_state_pub 80044      58 ros2 
824225792 | 312144    100 python3 211092     99 rviz2 131752     93 joint_state_pub 80044      58 ros2 
824213504 | 312144    100 python3 211092     99 rviz2 131752     93 joint_state_pub 80044      58 ros2 
823709696 | 312144    100 python3 211092     99 rviz2 131752     93 joint_state_pub 80044      58 ros2 
823918592 | 312144    100 python3 211092     99 rviz2 131752     93 joint_state_pub 80044      58 ros2 
823771136 | 312144    100 python3 211092     99 rviz2 131752     93 joint_state_pub 80044      58 ros2 
823930880 | 312144    100 python3 211092     99 rviz2 131752     93 joint_state_pub 80044      58 ros2 
823934976 | 312144    100 python3 211092     99 rviz2 131752     93 joint_state_pub 80044      58 ros2 
824311808 | 312144    100 python3 211092     99 rviz2 131752     93 joint_state_pub 80044      58 ros2 
824242176 | 312144    100 python3 211092     99 rviz2 131752     93 joint_state_pub 80044      58 ros2 
823926784 | 312144    100 python3 211092     99 rviz2 131752     93 joint_state_pub 80044      58 ros2 
824193024 | 312144    100 python3 211092     99 rviz2 131752     93 joint_state_pub 80044      58 ros2 
824184832 | 312144    100 python3 211092     99 rviz2 131752     93 joint_state_pub 80044      58 ros2 
823922688 | 312144    100 python3 211092     99 rviz2 131752     93 joint_state_pub 80044      58 ros2 
823668736 | 312144    100 python3 211092     99 rviz2 131752     93 joint_state_pub 80044      58 ros2 
823930880 | 312144    100 python3 211092     99 rviz2 131752     93 joint_state_pub 80044      58 ros2 
823951360 | 312144    100 python3 211092     99 rviz2 131752     93 joint_state_pub 80044      58 ros2 
824184832 | 312144    100 python3 211092     99 rviz2 131752     93 joint_state_pub 80044      58 ros2 
823939072 | 312144    100 python3 211092     99 rviz2 131752     93 joint_state_pub 80044      58 ros2 
823726080 | 312144    100 python3 211092     99 rviz2 131752     93 joint_state_pub 80044      58 ros2 
823963648 | 312144    100 python3 211092     99 rviz2 131752     93 joint_state_pub 80044      58 ros2 
823922688 | 312144    100 python3 211092     99 rviz2 131752     93 joint_state_pub 80044      58 ros2 
824446976 | 312144    100 python3 211092     99 rviz2 131752     93 joint_state_pub 80044      58 ros2 
823672832 | 312144    100 python3 211092     99 rviz2 131752     93 joint_state_pub 80044      58 ros2 
823808000 | 312144    100 python3 211092     99 rviz2 131752     93 joint_state_pub 80044      58 ros2 
823922688 | 312144    100 python3 211092     99 rviz2 131752     93 joint_state_pub 80044      58 ros2 
823668736 | 312144    100 python3 211092     99 rviz2 131752     93 joint_state_pub 80044      58 ros2 
824053760 | 312144    100 python3 211092     99 rviz2 131752     93 joint_state_pub 80044      58 ros2 
823992320 | 312144    100 python3 211092     99 rviz2 131752     93 joint_state_pub 80044      58 ros2 
824205312 | 312144    100 python3 211092     99 rviz2 131752     93 joint_state_pub 80044      58 ros2 
823865344 | 312144    100 python3 211092     99 rviz2 131752     93 joint_state_pub 80044      58 ros2 
824197120 | 312144    100 python3 211092     99 rviz2 131752     93 joint_state_pub 80044      58 ros2 
824053760 | 312144    100 python3 211092     99 rviz2 131752     93 joint_state_pub 80044      58 ros2 
823664640 | 312144    100 python3 211092     99 rviz2 131752     93 joint_state_pub 80044      58 ros2 
823668736 | 312144    100 python3 211092     99 rviz2 131752     93 joint_state_pub 80044      58 ros2 
823959552 | 312144    100 python3 211092     99 rviz2 131752     93 joint_state_pub 80044      58 ros2 
823701504 | 312144    100 python3 211092     99 rviz2 131752     93 joint_state_pub 80044      58 ros2 
823926784 | 312144    100 python3 211092     99 rviz2 131752     93 joint_state_pub 80044      58 ros2 
823930880 | 312144    100 python3 211092     99 rviz2 131752     93 joint_state_pub 80044      58 ros2 
824209408 | 312144    100 python3 211092     99 rviz2 131752     93 joint_state_pub 80044      58 ros2 
824020992 | 312144    100 python3 211092     99 rviz2 131752     93 joint_state_pub 80044      58 ros2 
823685120 | 312144    100 python3 211092     99 rviz2 131752     93 joint_state_pub 80044      58 ros2 
823934976 | 312144    100 python3 211092     99 rviz2 131752     93 joint_state_pub 80044      58 ros2 
824057856 | 312144    100 python3 211092     99 rviz2 131752     93 joint_state_pub 80044      58 ros2 
824205312 | 312144    100 python3 211092     99 rviz2 131752     93 joint_state_pub 80044      58 ros2 
823926784 | 312144    100 python3 211092     99 rviz2 131752     93 joint_state_pub 80044      58 ros2 
823947264 | 312144    100 python3 211092     99 rviz2 131752     93 joint_state_pub 80044      58 ros2 
823910400 | 312144    100 python3 211092     99 rviz2 131752     93 joint_state_pub 80044      58 ros2 
823947264 | 312144    100 python3 211092     99 rviz2 131752     93 joint_state_pub 80044      58 ros2 
823943168 | 312144    100 python3 211092     99 rviz2 131752     93 joint_state_pub 80044      58 ros2 
823656448 | 312144    100 python3 211092     99 rviz2 131752     93 joint_state_pub 80044      58 ros2 
823934976 | 312144    100 python3 211092     99 rviz2 131752     93 joint_state_pub 80044      58 ros2 
823943168 | 312144    100 python3 211092     99 rviz2 131752     93 joint_state_pub 80044      58 ros2 
824401920 | 312144    100 python3 211092     99 rviz2 131752     93 joint_state_pub 80044      58 ros2 
823803904 | 312144    100 python3 211092     99 rviz2 131752     93 joint_state_pub 80044      58 ros2 
823767040 | 312144    100 python3 211092     99 rviz2 131752     93 joint_state_pub 80044      58 ros2 
823943168 | 312144    100 python3 211092     99 rviz2 131752     93 joint_state_pub 80044      58 ros2 
823812096 | 312144    100 python3 211092     99 rviz2 131752     93 joint_state_pub 80044      58 ros2 
824074240 | 312144    100 python3 211092     99 rviz2 131752     93 joint_state_pub 80044      58 ros2 
824250368 | 312144    100 python3 211092     99 rviz2 131752     93 joint_state_pub 80044      58 ros2 
823992320 | 312144    100 python3 211092     99 rviz2 131752     93 joint_state_pub 80044      58 ros2 
824197120 | 312144    100 python3 211092     99 rviz2 131752     93 joint_state_pub 80044      58 ros2 
824053760 | 312144    100 python3 211092     99 rviz2 131752     93 joint_state_pub 80044      58 ros2 
824193024 | 312144    100 python3 211092     99 rviz2 131752     93 joint_state_pub 80044      58 ros2 
824012800 | 312144    100 python3 211092     99 rviz2 131752     93 joint_state_pub 80044      58 ros2 
824246272 | 312144    100 python3 211092     99 rviz2 131752     93 joint_state_pub 80044      58 ros2 
823934976 | 312144    100 python3 211092     99 rviz2 131752     93 joint_state_pub 80044      58 ros2 
824107008 | 312144    100 python3 211092     99 rviz2 131752     93 joint_state_pub 80044      58 ros2 
824193024 | 312144    100 python3 211092     99 rviz2 131752     93 joint_state_pub 80044      58 ros2 
823930880 | 312144    100 python3 211092     99 rviz2 131752     93 joint_state_pub 80044      58 ros2 
823939072 | 312144    100 python3 211092     99 rviz2 131752     93 joint_state_pub 80044      58 ros2 
823934976 | 312144    100 python3 211092     99 rviz2 131752     93 joint_state_pub 80044      58 ros2 
823984128 | 312144    100 python3 211092     99 rviz2 131752     93 joint_state_pub 80044      58 ros2 
823857152 | 312144    100 python3 211092     99 rviz2 131752     93 joint_state_pub 80044      58 ros2 
823975936 | 312144    100 python3 211092     99 rviz2 131752     93 joint_state_pub 80044      58 ros2 
824197120 | 312144    100 python3 211092     99 rviz2 131752     93 joint_state_pub 80044      58 ros2 
824205312 | 312144    100 python3 211092     99 rviz2 131752     93 joint_state_pub 80044      58 ros2 
823619584 | 312144    100 python3 211092     99 rviz2 131752     93 joint_state_pub 80044      58 ros2 
823762944 | 312144    100 python3 211092     99 rviz2 131752     93 joint_state_pub 80044      58 ros2 
823668736 | 312144    100 python3 211092     99 rviz2 131752     93 joint_state_pub 80044      58 ros2 
823676928 | 312144    100 python3 211092     99 rviz2 131752     93 joint_state_pub 80044      58 ros2 
824360960 | 312144    100 python3 211092     99 rviz2 131752     93 joint_state_pub 80044      58 ros2 
824193024 | 312144    100 python3 211092     99 rviz2 131752     93 joint_state_pub 80044      58 ros2 
824160256 | 312144    100 python3 211092     99 rviz2 131752     93 joint_state_pub 80044      58 ros2 
823939072 | 312144    100 python3 211092     99 rviz2 131752     93 joint_state_pub 80044      58 ros2 
823930880 | 312144    100 python3 211092     99 rviz2 131752     93 joint_state_pub 80044      58 ros2 
824213504 | 312144    100 python3 211092     99 rviz2 131752     93 joint_state_pub 80044      58 ros2 
823828480 | 312144    100 python3 211092     99 rviz2 131752     93 joint_state_pub 80044      58 ros2 
823799808 | 312144    100 python3 211092     99 rviz2 131752     93 joint_state_pub 80044      58 ros2 
824209408 | 312144    100 python3 211092     99 rviz2 131752     93 joint_state_pub 80044      58 ros2 
824008704 | 312144    100 python3 211092     99 rviz2 131752     93 joint_state_pub 80044      58 ros2 
823984128 | 312144    100 python3 211092     99 rviz2 131752     93 joint_state_pub 80044      58 ros2 
823988224 | 312144    100 python3 211092     99 rviz2 131752     93 joint_state_pub 80044      58 ros2 
824242176 | 312144    100 python3 211092     99 rviz2 131752     93 joint_state_pub 80044      58 ros2 
824041472 | 312144    100 python3 211092     99 rviz2 131752     93 joint_state_pub 80044      58 ros2 
823758848 | 312144    100 python3 211092     99 rviz2 131752     93 joint_state_pub 80044      58 ros2 
823910400 | 312144    100 python3 211092     99 rviz2 131752     93 joint_state_pub 80044      58 ros2 
823746560 | 312144    100 python3 211092     99 rviz2 131752     93 joint_state_pub 80044      58 ros2 
823582720 | 312144    100 python3 211092     99 rviz2 131752     93 joint_state_pub 80044      58 ros2 
824197120 | 312144    100 python3 211092     99 rviz2 131752     93 joint_state_pub 80044      58 ros2 
824102912 | 312144    100 python3 211092     99 rviz2 131752     93 joint_state_pub 80044      58 ros2 
823844864 | 312144    100 python3 211092     99 rviz2 131752     93 joint_state_pub 80044      58 ros2 
823955456 | 312144    100 python3 211092     99 rviz2 131752     93 joint_state_pub 80044      58 ros2 
823918592 | 312144    100 python3 211092     99 rviz2 131752     93 joint_state_pub 80044      58 ros2 
823959552 | 312144    100 python3 211092     99 rviz2 131752     93 joint_state_pub 80044      58 ros2 
824201216 | 312144    100 python3 211092     99 rviz2 131752     93 joint_state_pub 80044      58 ros2 
823816192 | 312144    100 python3 211092     99 rviz2 131752     93 joint_state_pub 80044      58 ros2 
824168448 | 312144    100 python3 211092     99 rviz2 131752     93 joint_state_pub 80044      58 ros2 
823939072 | 312144    100 python3 211092     99 rviz2 131752     93 joint_state_pub 80044      58 ros2 
823939072 | 312144    100 python3 211092     99 rviz2 131752     93 joint_state_pub 80044      58 ros2 
823963648 | 312144    100 python3 211092     99 rviz2 131752     93 joint_state_pub 80044      58 ros2 
823959552 | 312144    100 python3 211092     99 rviz2 131752     93 joint_state_pub 80044      58 ros2 
823902208 | 312144    100 python3 211092     99 rviz2 131752     93 joint_state_pub 80044      58 ros2 
824160256 | 312144    100 python3 211092     99 rviz2 131752     93 joint_state_pub 80044      58 ros2 
823971840 | 312144    100 python3 211092     99 rviz2 131752     93 joint_state_pub 80044      58 ros2 
824201216 | 312144    100 python3 211092     99 rviz2 131752     93 joint_state_pub 80044      58 ros2 
823943168 | 312144    100 python3 211092     99 rviz2 131752     93 joint_state_pub 80044      58 ros2 
823681024 | 312144    100 python3 211092     99 rviz2 131752     93 joint_state_pub 80044      58 ros2 
824283136 | 312144    100 python3 211092     99 rviz2 131752     93 joint_state_pub 80044      58 ros2 
824074240 | 312144    100 python3 211092     99 rviz2 131752     93 joint_state_pub 80044      58 ros2 
823939072 | 312144    100 python3 211092     99 rviz2 131752     93 joint_state_pub 80044      58 ros2 
824049664 | 312144    100 python3 211092     99 rviz2 131752     93 joint_state_pub 80044      58 ros2 
823832576 | 312144    100 python3 211092     99 rviz2 131752     93 joint_state_pub 80044      58 ros2 
824049664 | 312144    100 python3 211092     99 rviz2 131752     93 joint_state_pub 80044      58 ros2 
823812096 | 312144    100 python3 211092     99 rviz2 131752     93 joint_state_pub 80044      58 ros2 
823681024 | 312144    100 python3 211092     99 rviz2 131752     93 joint_state_pub 80044      58 ros2 
823955456 | 312144    100 python3 211092     99 rviz2 131752     93 joint_state_pub 80044      58 ros2 
823681024 | 312144    100 python3 211092     99 rviz2 131752     93 joint_state_pub 80044      58 ros2 
823693312 | 312144    100 python3 211092     99 rviz2 131752     93 joint_state_pub 80044      58 ros2 
823943168 | 312144    100 python3 211092     99 rviz2 131752     93 joint_state_pub 80044      58 ros2 
823943168 | 312144    100 python3 211092     99 rviz2 131752     93 joint_state_pub 80044      58 ros2 
823676928 | 312144    100 python3 211092     99 rviz2 131752     93 joint_state_pub 80044      58 ros2 
824139776 | 312144    100 python3 211092     99 rviz2 131752     93 joint_state_pub 80044      58 ros2 
823869440 | 312144    100 python3 211092     99 rviz2 131752     93 joint_state_pub 80044      58 ros2 
823980032 | 312144    100 python3 211092     99 rviz2 131752     93 joint_state_pub 80044      58 ros2 
824016896 | 312144    100 python3 211092     99 rviz2 131752     93 joint_state_pub 80044      58 ros2 
824025088 | 312144    100 python3 211092     99 rviz2 131752     93 joint_state_pub 80044      58 ros2 
824057856 | 312144    100 python3 211092     99 rviz2 131752     93 joint_state_pub 80044      58 ros2 
823771136 | 312144    100 python3 211092     99 rviz2 131752     93 joint_state_pub 80044      58 ros2 
824041472 | 312144    100 python3 211092     99 rviz2 131752     93 joint_state_pub 80044      58 ros2 
824004608 | 312144    100 python3 211092     99 rviz2 131752     93 joint_state_pub 80044      58 ros2 
823742464 | 312144    100 python3 211092     99 rviz2 131752     93 joint_state_pub 80044      58 ros2 
824164352 | 312144    100 python3 211092     99 rviz2 131752     93 joint_state_pub 80044      58 ros2 
823959552 | 312144    100 python3 211092     99 rviz2 131752     93 joint_state_pub 80044      58 ros2 
823959552 | 312144    100 python3 211092     99 rviz2 131752     93 joint_state_pub 80044      58 ros2 
823959552 | 312144    100 python3 211092     99 rviz2 131752     93 joint_state_pub 80044      58 ros2 
824221696 | 312144    100 python3 211092     99 rviz2 131752     93 joint_state_pub 80044      58 ros2 
824131584 | 312144    100 python3 211092     99 rviz2 131752     93 joint_state_pub 80044      58 ros2 
823828480 | 312144    100 python3 211092     99 rviz2 131752     93 joint_state_pub 80044      58 ros2 
824295424 | 312144    100 python3 211092     99 rviz2 131752     93 joint_state_pub 80044      58 ros2 
824000512 | 312144    100 python3 211092     99 rviz2 131752     93 joint_state_pub 80044      58 ros2 
824246272 | 312144    100 python3 211092     99 rviz2 131752     93 joint_state_pub 80044      58 ros2 
824000512 | 312144    100 python3 211092     99 rviz2 131752     93 joint_state_pub 80044      58 ros2 
823996416 | 312144    100 python3 211092     99 rviz2 131752     93 joint_state_pub 80044      58 ros2 
823697408 | 312144    100 python3 211092     99 rviz2 131752     93 joint_state_pub 80044      58 ros2 
824008704 | 312144    100 python3 211092     99 rviz2 131752     93 joint_state_pub 80044      58 ros2 
824004608 | 312144    100 python3 211092     99 rviz2 131752     93 joint_state_pub 80044      58 ros2 
823963648 | 312144    100 python3 211092     99 rviz2 131752     93 joint_state_pub 80044      58 ros2 
823947264 | 312144    100 python3 211092     99 rviz2 131752     93 joint_state_pub 80044      58 ros2 
824209408 | 312144    100 python3 211092     99 rviz2 131752     93 joint_state_pub 80044      58 ros2 
824000512 | 312144    100 python3 211092     99 rviz2 131752     93 joint_state_pub 80044      58 ros2 
823996416 | 312144    100 python3 211092     99 rviz2 131752     93 joint_state_pub 80044      58 ros2 
823857152 | 312144    100 python3 211092     99 rviz2 131752     93 joint_state_pub 80044      58 ros2 
823861248 | 312144    100 python3 211092     99 rviz2 131752     93 joint_state_pub 80044      58 ros2 
824180736 | 312144    100 python3 211092     99 rviz2 131752     93 joint_state_pub 80044      58 ros2 
824070144 | 312144    100 python3 211092     99 rviz2 131752     93 joint_state_pub 80044      58 ros2 
823783424 | 312144    100 python3 211092     99 rviz2 131752     93 joint_state_pub 80044      58 ros2 
823963648 | 312144    100 python3 211092     99 rviz2 131752     93 joint_state_pub 80044      58 ros2 
823795712 | 312144    100 python3 211092     99 rviz2 131752     93 joint_state_pub 80044      58 ros2 
823955456 | 312144    100 python3 211092     99 rviz2 131752     93 joint_state_pub 80044      58 ros2 
823918592 | 312144    100 python3 211092     99 rviz2 131752     93 joint_state_pub 80044      58 ros2 
824213504 | 312144    100 python3 211092     99 rviz2 131752     93 joint_state_pub 80044      58 ros2 
823857152 | 312144    100 python3 211092     99 rviz2 131752     93 joint_state_pub 80044      58 ros2 
824008704 | 312144    100 python3 211092     99 rviz2 131752     93 joint_state_pub 80044      58 ros2 
823967744 | 312144    100 python3 211092     99 rviz2 131752     93 joint_state_pub 80044      58 ros2 
823668736 | 312144    100 python3 211092     99 rviz2 131752     93 joint_state_pub 80044      58 ros2 
823709696 | 312144    100 python3 211092     99 rviz2 131752     93 joint_state_pub 80044      58 ros2 
823963648 | 312144    100 python3 211092     99 rviz2 131752     93 joint_state_pub 80044      58 ros2 
823574528 | 312144    100 python3 211092     99 rviz2 131752     93 joint_state_pub 80044      58 ros2 
823693312 | 312144    100 python3 211092     99 rviz2 131752     93 joint_state_pub 80044      58 ros2 
823685120 | 312144    100 python3 211092     99 rviz2 131752     93 joint_state_pub 80044      58 ros2 
823840768 | 312144    100 python3 211092     99 rviz2 131752     93 joint_state_pub 80044      58 ros2 
823865344 | 312144    100 python3 211092     99 rviz2 131752     93 joint_state_pub 80044      58 ros2 
823918592 | 312144    100 python3 211092     99 rviz2 131752     93 joint_state_pub 80044      58 ros2 
823808000 | 312144    100 python3 211092     99 rviz2 131752     93 joint_state_pub 80044      58 ros2 
823820288 | 312144    100 python3 211092     99 rviz2 131752     93 joint_state_pub 80044      58 ros2 
824180736 | 312144    100 python3 211092     99 rviz2 131752     93 joint_state_pub 80044      58 ros2 
823992320 | 312144    100 python3 211092     99 rviz2 131752     93 joint_state_pub 80044      58 ros2 
823832576 | 312144    100 python3 211092     99 rviz2 131752     93 joint_state_pub 80044      58 ros2 
824266752 | 312144    100 python3 211092     99 rviz2 131752     93 joint_state_pub 80044      58 ros2 
823709696 | 312144    100 python3 211092     99 rviz2 131752     93 joint_state_pub 80044      58 ros2 
823742464 | 312144    100 python3 211092     99 rviz2 131752     93 joint_state_pub 80044      58 ros2 
823795712 | 312144    100 python3 211092     99 rviz2 131752     93 joint_state_pub 80044      58 ros2 
823836672 | 312144    100 python3 211092     99 rviz2 131752     93 joint_state_pub 80044      58 ros2 
823717888 | 312144    100 python3 211092     99 rviz2 131752     93 joint_state_pub 80044      58 ros2 
824111104 | 312144    100 python3 211092     99 rviz2 131752     93 joint_state_pub 80044      58 ros2 
824225792 | 312144    100 python3 211092     99 rviz2 131752     93 joint_state_pub 80044      58 ros2 
823992320 | 312144    100 python3 211092     99 rviz2 131752     93 joint_state_pub 80044      58 ros2 
823865344 | 312144    100 python3 211092     99 rviz2 131752     93 joint_state_pub 80044      58 ros2 
823951360 | 312144    100 python3 211092     99 rviz2 131752     93 joint_state_pub 80044      58 ros2 
823824384 | 312144    100 python3 211092     99 rviz2 131752     93 joint_state_pub 80044      58 ros2 
824492032 | 312144    100 python3 211092     99 rviz2 131752     93 joint_state_pub 80044      58 ros2 
824250368 | 312144    100 python3 211092     99 rviz2 131752     93 joint_state_pub 80044      58 ros2 
823959552 | 312144    100 python3 211092     99 rviz2 131752     93 joint_state_pub 80044      58 ros2 
824229888 | 312144    100 python3 211092     99 rviz2 131752     93 joint_state_pub 80044      58 ros2 
823963648 | 312144    100 python3 211092     99 rviz2 131752     93 joint_state_pub 80044      58 ros2 
823746560 | 312144    100 python3 211092     99 rviz2 131752     93 joint_state_pub 80044      58 ros2 
823963648 | 312144    100 python3 211092     99 rviz2 131752     93 joint_state_pub 80044      58 ros2 
824074240 | 312144    100 python3 211092     99 rviz2 131752     93 joint_state_pub 80044      58 ros2 
823963648 | 312144    100 python3 211092     99 rviz2 131752     93 joint_state_pub 80044      58 ros2 
824152064 | 312144    100 python3 211092     99 rviz2 131752     93 joint_state_pub 80044      58 ros2 
823713792 | 312144    100 python3 211092     99 rviz2 131752     93 joint_state_pub 80044      58 ros2 
823959552 | 312144    100 python3 211092     99 rviz2 131752     93 joint_state_pub 80044      58 ros2 
824487936 | 312144    100 python3 211092     99 rviz2 131752     93 joint_state_pub 80044      58 ros2 
824053760 | 312144    100 python3 211092     99 rviz2 131752     93 joint_state_pub 80044      58 ros2 
823975936 | 312144    100 python3 211092     99 rviz2 131752     93 joint_state_pub 80044      58 ros2 
824115200 | 312144    100 python3 211092     99 rviz2 131752     93 joint_state_pub 80044      58 ros2 
823742464 | 312144    100 python3 211092     99 rviz2 131752     93 joint_state_pub 80044      58 ros2 
823701504 | 312144    100 python3 211092     99 rviz2 131752     93 joint_state_pub 80044      58 ros2 
823963648 | 312144    100 python3 211092     99 rviz2 131752     93 joint_state_pub 80044      58 ros2 
823963648 | 312144    100 python3 211092     99 rviz2 131752     93 joint_state_pub 80044      58 ros2 
823705600 | 312144    100 python3 211092     99 rviz2 131752     93 joint_state_pub 80044      58 ros2 
824000512 | 312144    100 python3 211092     99 rviz2 131752     93 joint_state_pub 80044      58 ros2 
823713792 | 312144    100 python3 211092     99 rviz2 131752     93 joint_state_pub 80044      58 ros2 
824107008 | 312144    100 python3 211092     99 rviz2 131752     93 joint_state_pub 80044      58 ros2 
823963648 | 312144    100 python3 211092     99 rviz2 131752     93 joint_state_pub 80044      58 ros2 
823701504 | 312144    100 python3 211092     99 rviz2 131752     93 joint_state_pub 80044      58 ros2 
824225792 | 312144    100 python3 211092     99 rviz2 131752     93 joint_state_pub 80044      58 ros2 
823869440 | 312144    100 python3 211092     99 rviz2 131752     93 joint_state_pub 80044      58 ros2 
824254464 | 312144    100 python3 211092     99 rviz2 131752     93 joint_state_pub 80044      58 ros2 
823726080 | 312144    100 python3 211092     99 rviz2 131752     93 joint_state_pub 80044      58 ros2 
824086528 | 312144    100 python3 211092     99 rviz2 131752     93 joint_state_pub 80044      58 ros2 
823971840 | 312144    100 python3 211092     99 rviz2 131752     93 joint_state_pub 80044      58 ros2 
824238080 | 312144    100 python3 211092     99 rviz2 131752     93 joint_state_pub 80044      58 ros2 
824250368 | 312144    100 python3 211092     99 rviz2 131752     93 joint_state_pub 80044      58 ros2 
823808000 | 312144    100 python3 211092     99 rviz2 131752     93 joint_state_pub 80044      58 ros2 
824242176 | 312144    100 python3 211092     99 rviz2 131752     93 joint_state_pub 80044      58 ros2 
823586816 | 312144    100 python3 211092     99 rviz2 131752     93 joint_state_pub 80044      58 ros2 
824492032 | 312144    100 python3 211092     99 rviz2 131752     93 joint_state_pub 80044      58 ros2 
824266752 | 312144    100 python3 211092     99 rviz2 131752     93 joint_state_pub 80044      58 ros2 
824025088 | 312144    100 python3 211092     99 rviz2 131752     93 joint_state_pub 80044      58 ros2 
824225792 | 312144    100 python3 211092     99 rviz2 131752     93 joint_state_pub 80044      58 ros2 
823697408 | 312144    100 python3 211092     99 rviz2 131752     93 joint_state_pub 80044      58 ros2 
824475648 | 312144    100 python3 211092     99 rviz2 131752     93 joint_state_pub 80044      58 ros2 
823848960 | 312144    100 python3 211092     99 rviz2 131752     93 joint_state_pub 80044      58 ros2 
824033280 | 312144    100 python3 211092     99 rviz2 131752     93 joint_state_pub 80044      58 ros2 
824262656 | 312144    100 python3 211092     99 rviz2 131752     93 joint_state_pub 80044      58 ros2 
823980032 | 312144    100 python3 211092     99 rviz2 131752     93 joint_state_pub 80044      58 ros2 
823967744 | 312144    100 python3 211092     99 rviz2 131752     93 joint_state_pub 80044      58 ros2 
823984128 | 312144    100 python3 211092     99 rviz2 131752     93 joint_state_pub 80044      58 ros2 
824000512 | 312144    100 python3 211092     99 rviz2 131752     93 joint_state_pub 80044      58 ros2 
823906304 | 312144    100 python3 211092     99 rviz2 131752     93 joint_state_pub 80044      58 ros2 
824287232 | 312144    100 python3 211092     99 rviz2 131752     93 joint_state_pub 80044      58 ros2 
824033280 | 312144    100 python3 211092     99 rviz2 131752     93 joint_state_pub 80044      58 ros2 
824270848 | 312144    100 python3 211092     99 rviz2 131752     93 joint_state_pub 80044      58 ros2 
824000512 | 312144    100 python3 211092     99 rviz2 131752     93 joint_state_pub 80044      58 ros2 
824233984 | 312144    100 python3 211092     99 rviz2 131752     93 joint_state_pub 80044      58 ros2 
823709696 | 312144    100 python3 211092     99 rviz2 131752     93 joint_state_pub 80044      58 ros2 
823971840 | 312144    100 python3 211092     99 rviz2 131752     93 joint_state_pub 80044      58 ros2 
823980032 | 312144    100 python3 211092     99 rviz2 131752     93 joint_state_pub 80044      58 ros2 
823971840 | 312144    100 python3 211092     99 rviz2 131752     93 joint_state_pub 80044      58 ros2 
823971840 | 312144    100 python3 211092     99 rviz2 131752     93 joint_state_pub 80044      58 ros2 
823996416 | 312144    100 python3 211092     99 rviz2 131752     93 joint_state_pub 80044      58 ros2 
824102912 | 312144    100 python3 211092     99 rviz2 131752     93 joint_state_pub 80044      58 ros2 
824320000 | 312144    100 python3 211092     99 rviz2 131752     93 joint_state_pub 80044      58 ros2 
823971840 | 312144    100 python3 211092     99 rviz2 131752     93 joint_state_pub 80044      58 ros2 
823779328 | 312144    100 python3 211092     99 rviz2 131752     93 joint_state_pub 80044      58 ros2 
824070144 | 312144    100 python3 211092     99 rviz2 131752     93 joint_state_pub 80044      58 ros2 
824004608 | 312144    100 python3 211092     99 rviz2 131752     93 joint_state_pub 80044      58 ros2 
823975936 | 312144    100 python3 211092     99 rviz2 131752     93 joint_state_pub 80044      58 ros2 
824250368 | 312144    100 python3 211092     99 rviz2 131752     93 joint_state_pub 80044      58 ros2 
824279040 | 312144    100 python3 211092     99 rviz2 131752     93 joint_state_pub 80044      58 ros2 
824102912 | 312144    100 python3 211092     99 rviz2 131752     93 joint_state_pub 80044      58 ros2 
823959552 | 312144    100 python3 211092     99 rviz2 131752     93 joint_state_pub 80044      58 ros2 
824045568 | 312144    100 python3 211092     99 rviz2 131752     93 joint_state_pub 80044      58 ros2 
824508416 | 312144    100 python3 211092     99 rviz2 131752     93 joint_state_pub 80044      58 ros2 
824336384 | 312144    100 python3 211092     99 rviz2 131752     93 joint_state_pub 80044      58 ros2 
824123392 | 312144    100 python3 211092     99 rviz2 131752     93 joint_state_pub 80044      58 ros2 
824074240 | 312144    100 python3 211092     99 rviz2 131752     93 joint_state_pub 80044      58 ros2 
824029184 | 312144    100 python3 211092     99 rviz2 131752     93 joint_state_pub 80044      58 ros2 
824193024 | 312144    100 python3 211092     99 rviz2 131752     93 joint_state_pub 80044      58 ros2 
824139776 | 312144    100 python3 211092     99 rviz2 131752     93 joint_state_pub 80044      58 ros2 
824033280 | 312144    100 python3 211092     99 rviz2 131752     93 joint_state_pub 80044      58 ros2 
823930880 | 312144    100 python3 211092     99 rviz2 131752     93 joint_state_pub 80044      58 ros2 
824291328 | 312144    100 python3 211092     99 rviz2 131752     93 joint_state_pub 80044      58 ros2 
824037376 | 312144    100 python3 211092     99 rviz2 131752     93 joint_state_pub 80044      58 ros2 
823996416 | 312144    100 python3 211092     99 rviz2 131752     93 joint_state_pub 80044      58 ros2 
824242176 | 312144    100 python3 211092     99 rviz2 131752     93 joint_state_pub 80044      58 ros2 
823779328 | 312144    100 python3 211092     99 rviz2 131752     93 joint_state_pub 80044      58 ros2 
823857152 | 312144    100 python3 211092     99 rviz2 131752     93 joint_state_pub 80044      58 ros2 
823885824 | 312144    100 python3 211092     99 rviz2 131752     93 joint_state_pub 80044      58 ros2 
823767040 | 312144    100 python3 211092     99 rviz2 131752     93 joint_state_pub 80044      58 ros2 
824004608 | 312144    100 python3 211092     99 rviz2 131752     93 joint_state_pub 80044      58 ros2 
824307712 | 312144    100 python3 211092     99 rviz2 131752     93 joint_state_pub 80044      58 ros2 
824213504 | 312144    100 python3 211092     99 rviz2 131752     93 joint_state_pub 80044      58 ros2 
823975936 | 312144    100 python3 211092     99 rviz2 131752     93 joint_state_pub 80044      58 ros2 
823980032 | 312144    100 python3 211092     99 rviz2 131752     93 joint_state_pub 80044      58 ros2 
823992320 | 312144    100 python3 211092     99 rviz2 131752     93 joint_state_pub 80044      58 ros2 
823984128 | 312144    100 python3 211092     99 rviz2 131752     93 joint_state_pub 80044      58 ros2 
823975936 | 312144    100 python3 211092     99 rviz2 131752     93 joint_state_pub 80044      58 ros2 
824053760 | 312144    100 python3 211092     99 rviz2 131752     93 joint_state_pub 80044      58 ros2 
823975936 | 312144    100 python3 211092     99 rviz2 131752     93 joint_state_pub 80044      58 ros2 
823734272 | 312144    100 python3 211092     99 rviz2 131752     93 joint_state_pub 80044      58 ros2 
823975936 | 312144    100 python3 211092     99 rviz2 131752     93 joint_state_pub 80044      58 ros2 
823980032 | 312144    100 python3 211092     99 rviz2 131752     93 joint_state_pub 80044      58 ros2 
824496128 | 312144    100 python3 211092     99 rviz2 131752     93 joint_state_pub 80044      58 ros2 
823963648 | 312144    100 python3 211092     99 rviz2 131752     93 joint_state_pub 80044      58 ros2 
823939072 | 312144    100 python3 211092     99 rviz2 131752     93 joint_state_pub 80044      58 ros2 
824188928 | 312144    100 python3 211092     99 rviz2 131752     93 joint_state_pub 80044      58 ros2 
823988224 | 312144    100 python3 211092     99 rviz2 131752     93 joint_state_pub 80044      58 ros2 
823980032 | 312144    100 python3 211092     99 rviz2 131752     93 joint_state_pub 80044      58 ros2 
823717888 | 312144    100 python3 211092     99 rviz2 131752     93 joint_state_pub 80044      58 ros2 
824242176 | 312144    100 python3 211092     99 rviz2 131752     93 joint_state_pub 80044      58 ros2 
824029184 | 312144    100 python3 211092     99 rviz2 131752     93 joint_state_pub 80044      58 ros2 
824508416 | 312144    100 python3 211092     99 rviz2 131752     93 joint_state_pub 80044      58 ros2 
823984128 | 312144    100 python3 211092     99 rviz2 131752     93 joint_state_pub 80044      58 ros2 
824406016 | 312144    100 python3 211092     99 rviz2 131752     93 joint_state_pub 80044      58 ros2 
823726080 | 312144    100 python3 211092     99 rviz2 131752     93 joint_state_pub 80044      58 ros2 
824037376 | 312144    100 python3 211092     99 rviz2 131752     93 joint_state_pub 80044      58 ros2 
824242176 | 312144    100 python3 211092     99 rviz2 131752     93 joint_state_pub 80044      58 ros2 
823996416 | 312144    100 python3 211092     99 rviz2 131752     93 joint_state_pub 80044      58 ros2 
824000512 | 312144    100 python3 211092     99 rviz2 131752     93 joint_state_pub 80044      58 ros2 
824078336 | 312144    100 python3 211092     99 rviz2 131752     93 joint_state_pub 80044      58 ros2 
823988224 | 312144    100 python3 211092     99 rviz2 131752     93 joint_state_pub 80044      58 ros2 
824311808 | 312144    100 python3 211092     99 rviz2 131752     93 joint_state_pub 80044      58 ros2 
823951360 | 312144    100 python3 211092     99 rviz2 131752     93 joint_state_pub 80044      58 ros2 
823693312 | 312144    100 python3 211092     99 rviz2 131752     93 joint_state_pub 80044      58 ros2 
824037376 | 312144    100 python3 211092     99 rviz2 131752     93 joint_state_pub 80044      58 ros2 
824246272 | 312144    100 python3 211092     99 rviz2 131752     93 joint_state_pub 80044      58 ros2 
824020992 | 312144    100 python3 211092     99 rviz2 131752     93 joint_state_pub 80044      58 ros2 
824279040 | 312144    100 python3 211092     99 rviz2 131752     93 joint_state_pub 80044      58 ros2 
823988224 | 312144    100 python3 211092     99 rviz2 131752     93 joint_state_pub 80044      58 ros2 
824311808 | 312144    100 python3 211092     99 rviz2 131752     93 joint_state_pub 80044      58 ros2 
823721984 | 312144    100 python3 211092     99 rviz2 131752     93 joint_state_pub 80044      58 ros2 
824246272 | 312144    100 python3 211092     99 rviz2 131752     93 joint_state_pub 80044      58 ros2 
823992320 | 312144    100 python3 211092     99 rviz2 131752     93 joint_state_pub 80044      58 ros2 
823799808 | 312144    100 python3 211092     99 rviz2 131752     93 joint_state_pub 80044      58 ros2 
823607296 | 312144    100 python3 211092     99 rviz2 131752     93 joint_state_pub 80044      58 ros2 
823894016 | 312144    100 python3 211092     99 rviz2 131752     93 joint_state_pub 80044      58 ros2 
824332288 | 312144    100 python3 211092     99 rviz2 131752     93 joint_state_pub 80044      58 ros2 
823873536 | 312144    100 python3 211092     99 rviz2 131752     93 joint_state_pub 80044      58 ros2 
824270848 | 312144    100 python3 211092     99 rviz2 131752     93 joint_state_pub 80044      58 ros2 
823734272 | 312144    100 python3 211092     99 rviz2 131752     93 joint_state_pub 80044      58 ros2 
823873536 | 312144    100 python3 211092     99 rviz2 131752     93 joint_state_pub 80044      58 ros2 
824147968 | 312144    100 python3 211092     99 rviz2 131752     93 joint_state_pub 80044      58 ros2 
823984128 | 312144    100 python3 211092     99 rviz2 131752     93 joint_state_pub 80044      58 ros2 
823984128 | 312144    100 python3 211092     99 rviz2 131752     93 joint_state_pub 80044      58 ros2 
824246272 | 312144    100 python3 211092     99 rviz2 131752     93 joint_state_pub 80044      58 ros2 
824016896 | 312144    100 python3 211092     99 rviz2 131752     93 joint_state_pub 80044      58 ros2 
823734272 | 312144    100 python3 211092     99 rviz2 131752     93 joint_state_pub 80044      58 ros2 
823746560 | 312144    100 python3 211092     99 rviz2 131752     93 joint_state_pub 80044      58 ros2 
823865344 | 312144    100 python3 211092     99 rviz2 131752     93 joint_state_pub 80044      58 ros2 
824168448 | 312144    100 python3 211092     99 rviz2 131752     93 joint_state_pub 80044      58 ros2 
824315904 | 312144    100 python3 211092     99 rviz2 131752     93 joint_state_pub 80044      58 ros2 
823984128 | 312144    100 python3 211092     99 rviz2 131752     93 joint_state_pub 80044      58 ros2 
824360960 | 312144    100 python3 211092     99 rviz2 131752     93 joint_state_pub 80044      58 ros2 
823984128 | 312144    100 python3 211092     99 rviz2 131752     93 joint_state_pub 80044      58 ros2 
824348672 | 312144    100 python3 211092     99 rviz2 131752     93 joint_state_pub 80044      58 ros2 
823754752 | 312144    100 python3 211092     99 rviz2 131752     93 joint_state_pub 80044      58 ros2 
823984128 | 312144    100 python3 211092     99 rviz2 131752     93 joint_state_pub 80044      58 ros2 
824274944 | 312144    100 python3 211092     99 rviz2 131752     93 joint_state_pub 80044      58 ros2 
823791616 | 312144    100 python3 211092     99 rviz2 131752     93 joint_state_pub 80044      58 ros2 
824537088 | 312144    100 python3 211092     99 rviz2 131752     93 joint_state_pub 80044      58 ros2 
823881728 | 312144    100 python3 211092     99 rviz2 131752     93 joint_state_pub 80044      58 ros2 
824270848 | 312144    100 python3 211092     99 rviz2 131752     93 joint_state_pub 80044      58 ros2 
824012800 | 312144    100 python3 211092     99 rviz2 131752     93 joint_state_pub 80044      58 ros2 
823988224 | 312144    100 python3 211092     99 rviz2 131752     93 joint_state_pub 80044      58 ros2 
823738368 | 312144    100 python3 211092     99 rviz2 131752     93 joint_state_pub 80044      58 ros2 
823738368 | 312144    100 python3 211092     99 rviz2 131752     93 joint_state_pub 80044      58 ros2 
823992320 | 312144    100 python3 211092     99 rviz2 131752     93 joint_state_pub 80044      58 ros2 
823730176 | 312144    100 python3 211092     99 rviz2 131752     93 joint_state_pub 80044      58 ros2 
823668736 | 312144    100 python3 211092     99 rviz2 131752     93 joint_state_pub 80044      58 ros2 
823996416 | 312144    100 python3 211092     99 rviz2 131752     93 joint_state_pub 80044      58 ros2 
823738368 | 312144    100 python3 211092     99 rviz2 131752     93 joint_state_pub 80044      58 ros2 
824016896 | 312144    100 python3 211092     99 rviz2 131752     93 joint_state_pub 80044      58 ros2 
823767040 | 312144    100 python3 211092     99 rviz2 131752     93 joint_state_pub 80044      58 ros2 
824000512 | 312144    100 python3 211092     99 rviz2 131752     93 joint_state_pub 80044      58 ros2 
823992320 | 312144    100 python3 211092     99 rviz2 131752     93 joint_state_pub 80044      58 ros2 
824016896 | 312144    100 python3 211092     99 rviz2 131752     93 joint_state_pub 80044      58 ros2 
823881728 | 312144    100 python3 211092     99 rviz2 131752     93 joint_state_pub 80044      58 ros2 
824274944 | 312144    100 python3 211092     99 rviz2 131752     93 joint_state_pub 80044      58 ros2 
823975936 | 312144    100 python3 211092     99 rviz2 131752     93 joint_state_pub 80044      58 ros2 
823865344 | 312144    100 python3 211092     99 rviz2 131752     93 joint_state_pub 80044      58 ros2 
824082432 | 312144    100 python3 211092     99 rviz2 131752     93 joint_state_pub 80044      58 ros2 
823885824 | 312144    100 python3 211092     99 rviz2 131752     93 joint_state_pub 80044      58 ros2 
824168448 | 312144    100 python3 211092     99 rviz2 131752     93 joint_state_pub 80044      58 ros2 
824012800 | 312144    100 python3 211092     99 rviz2 131752     93 joint_state_pub 80044      58 ros2 
824004608 | 312144    100 python3 211092     99 rviz2 131752     93 joint_state_pub 80044      58 ros2 
823996416 | 312144    100 python3 211092     99 rviz2 131752     93 joint_state_pub 80044      58 ros2 
824262656 | 312144    100 python3 211092     99 rviz2 131752     93 joint_state_pub 80044      58 ros2 
824270848 | 312144    100 python3 211092     99 rviz2 131752     93 joint_state_pub 80044      58 ros2 
823734272 | 312144    100 python3 211092     99 rviz2 131752     93 joint_state_pub 80044      58 ros2 
824295424 | 312144    100 python3 211092     99 rviz2 131752     93 joint_state_pub 80044      58 ros2 
823730176 | 312144    100 python3 211092     99 rviz2 131752     93 joint_state_pub 80044      58 ros2 
823869440 | 312144    100 python3 211092     99 rviz2 131752     93 joint_state_pub 80044      58 ros2 
823992320 | 312144    100 python3 211092     99 rviz2 131752     93 joint_state_pub 80044      58 ros2 
824254464 | 312144    100 python3 211092     99 rviz2 131752     93 joint_state_pub 80044      58 ros2 
823865344 | 312144    100 python3 211092     99 rviz2 131752     93 joint_state_pub 80044      58 ros2 
823574528 | 312144    100 python3 211092     99 rviz2 131752     93 joint_state_pub 80044      58 ros2 
824049664 | 312144    100 python3 211092     99 rviz2 131752     93 joint_state_pub 80044      58 ros2 
824004608 | 312144    100 python3 211092     99 rviz2 131752     93 joint_state_pub 80044      58 ros2 
824520704 | 312144    100 python3 211092     99 rviz2 131752     93 joint_state_pub 80044      58 ros2 
823996416 | 312144    100 python3 211092     99 rviz2 131752     93 joint_state_pub 80044      58 ros2 
824311808 | 312144    100 python3 211092     99 rviz2 131752     93 joint_state_pub 80044      58 ros2 
824061952 | 312144    100 python3 211092     99 rviz2 131752     93 joint_state_pub 80044      58 ros2 
823996416 | 312144    100 python3 211092     99 rviz2 131752     93 joint_state_pub 80044      58 ros2 
824057856 | 312144    100 python3 211092     99 rviz2 131752     93 joint_state_pub 80044      58 ros2 
824074240 | 312144    100 python3 211092     99 rviz2 131752     93 joint_state_pub 80044      58 ros2 
823738368 | 312144    100 python3 211092     99 rviz2 131752     93 joint_state_pub 80044      58 ros2 
824000512 | 312144    100 python3 211092     99 rviz2 131752     93 joint_state_pub 80044      58 ros2 
823865344 | 312144    100 python3 211092     99 rviz2 131752     93 joint_state_pub 80044      58 ros2 
823750656 | 312144    100 python3 211092     99 rviz2 131752     93 joint_state_pub 80044      58 ros2 
824496128 | 312144    100 python3 211092     99 rviz2 131752     93 joint_state_pub 80044      58 ros2 
824225792 | 312144    100 python3 211092     99 rviz2 131752     93 joint_state_pub 80044      58 ros2 
824127488 | 312144    100 python3 211092     99 rviz2 131752     93 joint_state_pub 80044      58 ros2 
823926784 | 312144    100 python3 211092     99 rviz2 131752     93 joint_state_pub 80044      58 ros2 
824320000 | 312144    100 python3 211092     99 rviz2 131752     93 joint_state_pub 80044      58 ros2 
824000512 | 312144    100 python3 211092     99 rviz2 131752     93 joint_state_pub 80044      58 ros2 
823808000 | 312144    100 python3 211092     99 rviz2 131752     93 joint_state_pub 80044      58 ros2 
823885824 | 312144    100 python3 211092     99 rviz2 131752     93 joint_state_pub 80044      58 ros2 
823779328 | 312144    100 python3 211092     99 rviz2 131752     93 joint_state_pub 80044      58 ros2 
824262656 | 312144    100 python3 211092     99 rviz2 131752     93 joint_state_pub 80044      58 ros2 
823984128 | 312144    100 python3 211092     99 rviz2 131752     93 joint_state_pub 80044      58 ros2 
823988224 | 312144    100 python3 211092     99 rviz2 131752     93 joint_state_pub 80044      58 ros2 
823992320 | 312144    100 python3 211092     99 rviz2 131752     93 joint_state_pub 80044      58 ros2 
823779328 | 312144    100 python3 211092     99 rviz2 131752     93 joint_state_pub 80044      58 ros2 
823746560 | 312144    100 python3 211092     99 rviz2 131752     93 joint_state_pub 80044      58 ros2 
824401920 | 312144    100 python3 211092     99 rviz2 131752     93 joint_state_pub 80044      58 ros2 
823803904 | 312144    100 python3 211092     99 rviz2 131752     93 joint_state_pub 80044      58 ros2 
824041472 | 312144    100 python3 211092     99 rviz2 131752     93 joint_state_pub 80044      58 ros2 
823619584 | 312144    100 python3 211092     99 rviz2 131752     93 joint_state_pub 80044      58 ros2 
824266752 | 312144    100 python3 211092     99 rviz2 131752     93 joint_state_pub 80044      58 ros2 
824053760 | 312144    100 python3 211092     99 rviz2 131752     93 joint_state_pub 80044      58 ros2 
823824384 | 312144    100 python3 211092     99 rviz2 131752     93 joint_state_pub 80044      58 ros2 
824324096 | 312144    100 python3 211092     99 rviz2 131752     93 joint_state_pub 80044      58 ros2 
824270848 | 312144    100 python3 211092     99 rviz2 131752     93 joint_state_pub 80044      58 ros2 
824041472 | 312144    100 python3 211092     99 rviz2 131752     93 joint_state_pub 80044      58 ros2 
824025088 | 312144    100 python3 211092     99 rviz2 131752     93 joint_state_pub 80044      58 ros2 
823980032 | 312144    100 python3 211092     99 rviz2 131752     93 joint_state_pub 80044      58 ros2 
823730176 | 312144    100 python3 211092     99 rviz2 131752     93 joint_state_pub 80044      58 ros2 
823754752 | 312144    100 python3 211092     99 rviz2 131752     93 joint_state_pub 80044      58 ros2 
823738368 | 312144    100 python3 211092     99 rviz2 131752     93 joint_state_pub 80044      58 ros2 
824004608 | 312144    100 python3 211092     99 rviz2 131752     93 joint_state_pub 80044      58 ros2 
824266752 | 312144    100 python3 211092     99 rviz2 131752     93 joint_state_pub 80044      58 ros2 
824016896 | 312144    100 python3 211092     99 rviz2 131752     93 joint_state_pub 80044      58 ros2 
824016896 | 312144    100 python3 211092     99 rviz2 131752     93 joint_state_pub 80044      58 ros2 
823934976 | 312144    100 python3 211092     99 rviz2 131752     93 joint_state_pub 80044      58 ros2 
824000512 | 312144    100 python3 211092     99 rviz2 131752     93 joint_state_pub 80044      58 ros2 
823848960 | 312144    100 python3 211092     99 rviz2 131752     93 joint_state_pub 80044      58 ros2 
824111104 | 312144    100 python3 211092     99 rviz2 131752     93 joint_state_pub 80044      58 ros2 
824020992 | 312144    100 python3 211092     99 rviz2 131752     93 joint_state_pub 80044      58 ros2 
823877632 | 312144    100 python3 211092     99 rviz2 131752     93 joint_state_pub 80044      58 ros2 
824016896 | 312144    100 python3 211092     99 rviz2 131752     93 joint_state_pub 80044      58 ros2 
823795712 | 312144    100 python3 211092     99 rviz2 131752     93 joint_state_pub 80044      58 ros2 
824078336 | 312144    100 python3 211092     99 rviz2 131752     93 joint_state_pub 80044      58 ros2 
824524800 | 312144    100 python3 211368     99 rviz2 131752     93 joint_state_pub 80044      58 ros2 
824520704 | 312144    100 python3 211368     99 rviz2 131752     93 joint_state_pub 80044      58 ros2 
824254464 | 312144    100 python3 211368     99 rviz2 131752     93 joint_state_pub 80044      58 ros2 
824782848 | 312144    100 python3 211368     99 rviz2 131752     93 joint_state_pub 80044      58 ros2 
824819712 | 312144    100 python3 211368     99 rviz2 131752     93 joint_state_pub 80044      58 ros2 
824410112 | 312144    100 python3 211368     99 rviz2 131752     93 joint_state_pub 80044      58 ros2 
824512512 | 312144    100 python3 211368     99 rviz2 131752     93 joint_state_pub 80044      58 ros2 
824524800 | 312144    100 python3 211368     99 rviz2 131752     93 joint_state_pub 80044      58 ros2 
824561664 | 312144    100 python3 211368     99 rviz2 131752     93 joint_state_pub 80044      58 ros2 
824262656 | 312144    100 python3 211368     99 rviz2 131752     93 joint_state_pub 80044      58 ros2 
824754176 | 312144    100 python3 211368     99 rviz2 131752     93 joint_state_pub 80044      58 ros2 
824786944 | 312144    100 python3 211368     99 rviz2 131752     93 joint_state_pub 80044      58 ros2 
824524800 | 312144    100 python3 211368     99 rviz2 131752     93 joint_state_pub 80044      58 ros2 
824807424 | 312144    100 python3 211368     99 rviz2 131752     93 joint_state_pub 80044      58 ros2 
824545280 | 312144    100 python3 211368     99 rviz2 131752     93 joint_state_pub 80044      58 ros2 
824270848 | 312144    100 python3 211368     99 rviz2 131752     93 joint_state_pub 80044      58 ros2 
824229888 | 312144    100 python3 211368     99 rviz2 131752     93 joint_state_pub 80044      58 ros2 
824516608 | 312144    100 python3 211368     99 rviz2 131752     93 joint_state_pub 80044      58 ros2 
824135680 | 312144    100 python3 211368     99 rviz2 131752     93 joint_state_pub 80044      58 ros2 
824524800 | 312144    100 python3 211368     99 rviz2 131752     93 joint_state_pub 80044      58 ros2 
824389632 | 312144    100 python3 211368     99 rviz2 131752     93 joint_state_pub 80044      58 ros2 
824369152 | 312144    100 python3 211368     99 rviz2 131752     93 joint_state_pub 80044      58 ros2 
824524800 | 312144    100 python3 211368     99 rviz2 131752     93 joint_state_pub 80044      58 ros2 
824524800 | 312144    100 python3 211368     99 rviz2 131752     93 joint_state_pub 80044      58 ros2 
824315904 | 312144    100 python3 211368     99 rviz2 131752     93 joint_state_pub 80044      58 ros2 
824528896 | 312144    100 python3 211368     99 rviz2 131752     93 joint_state_pub 80044      58 ros2 
824139776 | 312144    100 python3 211368     99 rviz2 131752     93 joint_state_pub 80044      58 ros2 
824524800 | 312144    100 python3 211368     99 rviz2 131752     93 joint_state_pub 80044      58 ros2 
824561664 | 312144    100 python3 211368     99 rviz2 131752     93 joint_state_pub 80044      58 ros2 
824438784 | 312144    100 python3 211368     99 rviz2 131752     93 joint_state_pub 80044      58 ros2 
824410112 | 312144    100 python3 211368     99 rviz2 131752     93 joint_state_pub 80044      58 ros2 
824541184 | 312144    100 python3 211368     99 rviz2 131752     93 joint_state_pub 80044      58 ros2 
824459264 | 312144    100 python3 211368     99 rviz2 131752     93 joint_state_pub 80044      58 ros2 
824545280 | 312144    100 python3 211368     99 rviz2 131752     93 joint_state_pub 80044      58 ros2 
824569856 | 312144    100 python3 211368     99 rviz2 131752     93 joint_state_pub 80044      58 ros2 
824406016 | 312144    100 python3 211368     99 rviz2 131752     93 joint_state_pub 80044      58 ros2 
824524800 | 312144    100 python3 211368     99 rviz2 131752     93 joint_state_pub 80044      58 ros2 
824401920 | 312144    100 python3 211368     99 rviz2 131752     93 joint_state_pub 80044      58 ros2 
824262656 | 312144    100 python3 211368     99 rviz2 131752     93 joint_state_pub 80044      58 ros2 
824647680 | 312144    100 python3 211368     99 rviz2 131752     93 joint_state_pub 80044      58 ros2 
824528896 | 312144    100 python3 211368     99 rviz2 131752     93 joint_state_pub 80044      58 ros2 
824532992 | 312144    100 python3 211368     99 rviz2 131752     93 joint_state_pub 80044      58 ros2 
824111104 | 312144    100 python3 211368     99 rviz2 131752     93 joint_state_pub 80044      58 ros2 
824496128 | 312144    100 python3 211368     99 rviz2 131752     93 joint_state_pub 80044      58 ros2 
824479744 | 312144    100 python3 211368     99 rviz2 131752     93 joint_state_pub 80044      58 ros2 
824348672 | 312144    100 python3 211368     99 rviz2 131752     93 joint_state_pub 80044      58 ros2 
824578048 | 312144    100 python3 211368     99 rviz2 131752     93 joint_state_pub 80044      58 ros2 
824270848 | 312144    100 python3 211368     99 rviz2 131752     93 joint_state_pub 80044      58 ros2 
824561664 | 312144    100 python3 211368     99 rviz2 131752     93 joint_state_pub 80044      58 ros2 
824946688 | 312144    100 python3 211368     99 rviz2 131752     93 joint_state_pub 80044      58 ros2 
824750080 | 312144    100 python3 211368     99 rviz2 131752     93 joint_state_pub 80044      58 ros2 
824487936 | 312144    100 python3 211368     99 rviz2 131752     93 joint_state_pub 80044      58 ros2 
825044992 | 312144    100 python3 211368     99 rviz2 131752     93 joint_state_pub 80044      58 ros2 
824791040 | 312144    100 python3 211368     99 rviz2 131752     93 joint_state_pub 80044      58 ros2 
824532992 | 312144    100 python3 211368     99 rviz2 131752     93 joint_state_pub 80044      58 ros2 
824549376 | 312144    100 python3 211368     99 rviz2 131752     93 joint_state_pub 80044      58 ros2 
824541184 | 312144    100 python3 211368     99 rviz2 131752     93 joint_state_pub 80044      58 ros2 
823037952 | 312144    100 python3 211368     99 rviz2 131648     93 joint_state_pub 80044      58 ros2 
